performing setup with 1 drivers, 1 nodes and 1 client
client process id: 4360
[driver-1] driver process id: 2528
[  node-1] node process id: 3468
[driver-1] management initialized and listening on port 11201
[driver-1] secure management initialized and listening on port 12201
[driver-1] ClientClassServer initialized
[driver-1] NodeClassServer initialized
[driver-1] ClientJobServer initialized
[driver-1] NodeJobServer initialized
[driver-1] Acceptor initialized
[driver-1] -  accepting plain connections on port 11101
[driver-1] - accepting secure connections on port 12001
[driver-1] JPPF Driver initialization complete
[  node-1] Attempting connection to the class server at 192.168.1.14:11101
[client: driver-1 - ClassServer] Attempting connection to the class server at lolo-i2600.home:11101
[client: driver-1 - ClassServer] Reconnected to the class server
[  node-1] Reconnected to the class server
[client: driver-1 - TasksServer] Attempting connection to the JPPF task server at 192.168.1.14:11101
[client: driver-1 - TasksServer] Reconnected to the JPPF task server
[  node-1] JPPF Node management initialized
[  node-1] initialized NodeTest
[  node-1] Attempting connection to the node server at 192.168.1.14:11101
[  node-1] Reconnected to the node server
[  node-1] Node successfully initialized

---------- end of output for class test.org.jppf.classloader.TestAbstractJPPFClassLoader ----------

performing setup with 1 drivers, 1 nodes and 1 client
client process id: 4360
[  node-1] node process id: 2096
[driver-1] driver process id: 4880
[driver-1] management initialized and listening on port 11201
[driver-1] secure management initialized and listening on port 12201
[driver-1] ClientClassServer initialized
[driver-1] NodeClassServer initialized
[driver-1] ClientJobServer initialized
[driver-1] NodeJobServer initialized
[driver-1] Acceptor initialized
[driver-1] -  accepting plain connections on port 11101
[driver-1] - accepting secure connections on port 12001
[driver-1] JPPF Driver initialization complete
[client: driver-1 - ClassServer] Attempting connection to the class server at lolo-i2600.home:11101
[client: driver-1 - ClassServer] Reconnected to the class server
[  node-1] Attempting connection to the class server at 192.168.1.14:11101
[client: driver-1 - TasksServer] Attempting connection to the JPPF task server at 192.168.1.14:11101
[  node-1] Reconnected to the class server
[client: driver-1 - TasksServer] Reconnected to the JPPF task server
[  node-1] JPPF Node management initialized
[  node-1] initialized NodeTest
[  node-1] Attempting connection to the node server at 192.168.1.14:11101
[  node-1] Reconnected to the node server
[  node-1] Node successfully initialized

---------- end of output for class test.org.jppf.client.concurrent.TestExecutorServiceConfiguration ----------

[  node-1] task executed
[  node-1] this task has timed out
performing setup with 1 drivers, 1 nodes and 1 client
client process id: 4360
[  node-1] node process id: 5020
[driver-1] driver process id: 244
[driver-1] management initialized and listening on port 11201
[driver-1] secure management initialized and listening on port 12201
[driver-1] ClientClassServer initialized
[driver-1] NodeClassServer initialized
[driver-1] ClientJobServer initialized
[driver-1] NodeJobServer initialized
[driver-1] Acceptor initialized
[driver-1] -  accepting plain connections on port 11101
[driver-1] - accepting secure connections on port 12001
[driver-1] JPPF Driver initialization complete
[client: driver-1 - ClassServer] Attempting connection to the class server at lolo-i2600.home:11101
[client: driver-1 - ClassServer] Reconnected to the class server
[  node-1] Attempting connection to the class server at 192.168.1.14:11101
[client: driver-1 - TasksServer] Attempting connection to the JPPF task server at 192.168.1.14:11101
[  node-1] Reconnected to the class server
[client: driver-1 - TasksServer] Reconnected to the JPPF task server
[  node-1] JPPF Node management initialized
[  node-1] initialized NodeTest
[  node-1] Attempting connection to the node server at 192.168.1.14:11101
[  node-1] Reconnected to the node server
[  node-1] Node successfully initialized

---------- end of output for class test.org.jppf.client.concurrent.TestJPPFCompletionService ----------

performing setup with 1 drivers, 1 nodes and 1 client
client process id: 4360
[  node-1] node process id: 3932
[driver-1] driver process id: 1380
[driver-1] management initialized and listening on port 11201
[driver-1] secure management initialized and listening on port 12201
[driver-1] ClientClassServer initialized
[driver-1] NodeClassServer initialized
[driver-1] ClientJobServer initialized
[driver-1] NodeJobServer initialized
[driver-1] Acceptor initialized
[driver-1] -  accepting plain connections on port 11101
[driver-1] - accepting secure connections on port 12001
[driver-1] JPPF Driver initialization complete
[client: driver-1 - ClassServer] Attempting connection to the class server at lolo-i2600.home:11101
[client: driver-1 - ClassServer] Reconnected to the class server
[  node-1] Attempting connection to the class server at 192.168.1.14:11101
[client: driver-1 - TasksServer] Attempting connection to the JPPF task server at 192.168.1.14:11101
[  node-1] Reconnected to the class server
[client: driver-1 - TasksServer] Reconnected to the JPPF task server
[  node-1] JPPF Node management initialized
[  node-1] initialized NodeTest
[  node-1] Attempting connection to the node server at 192.168.1.14:11101
[  node-1] Reconnected to the node server
[  node-1] Node successfully initialized

---------- end of output for class test.org.jppf.client.concurrent.TestJPPFExecutorService ----------

performing setup with 1 drivers, 1 nodes

---------- end of output for class test.org.jppf.client.event.TestJobListener ----------

client process id: 4360
[  node-1] node process id: 3132
[driver-1] driver process id: 3672
[driver-1] management initialized and listening on port 11201
[driver-1] secure management initialized and listening on port 12201
[driver-1] ClientClassServer initialized
[driver-1] NodeClassServer initialized
[driver-1] ClientJobServer initialized
[driver-1] NodeJobServer initialized
[driver-1] Acceptor initialized
[driver-1] -  accepting plain connections on port 11101
[driver-1] - accepting secure connections on port 12001
[driver-1] JPPF Driver initialization complete
[client: driver-1-1 - ClassServer] Attempting connection to the class server at lolo-i2600.home:11101
[client: driver-1-1 - ClassServer] Reconnected to the class server
[  node-1] Attempting connection to the class server at 192.168.1.14:11101
[client: driver-1-1 - TasksServer] Attempting connection to the JPPF task server at 192.168.1.14:11101
[  node-1] Reconnected to the class server
[client: driver-1-1 - TasksServer] Reconnected to the JPPF task server
[client: driver-1-2 - ClassServer] Attempting connection to the class server at lolo-i2600.home:11101
[client: driver-1-2 - ClassServer] Reconnected to the class server
[client: driver-1-2 - TasksServer] Attempting connection to the JPPF task server at 192.168.1.14:11101
[client: driver-1-2 - TasksServer] Reconnected to the JPPF task server
[  node-1] JPPF Node management initialized
[  node-1] initialized NodeTest
[  node-1] Attempting connection to the node server at 192.168.1.14:11101
[  node-1] Reconnected to the node server
[  node-1] Node successfully initialized
client process id: 4360
performing setup with 1 drivers, 1 nodes

---------- end of output for class test.org.jppf.client.persistence.TestJobPersistence ----------

client process id: 4360
[  node-1] node process id: 3876
[driver-1] driver process id: 4856
[driver-1] management initialized and listening on port 11201
[driver-1] secure management initialized and listening on port 12201
[driver-1] ClientClassServer initialized
[driver-1] NodeClassServer initialized
[driver-1] ClientJobServer initialized
[driver-1] NodeJobServer initialized
[driver-1] Acceptor initialized
[driver-1] -  accepting plain connections on port 11101
[driver-1] - accepting secure connections on port 12001
[driver-1] JPPF Driver initialization complete
[client: driver-1 - ClassServer] Attempting connection to the class server at lolo-i2600.home:11101
[client: driver-1 - ClassServer] Reconnected to the class server
[  node-1] Attempting connection to the class server at 192.168.1.14:11101
[client: driver-1 - TasksServer] Attempting connection to the JPPF task server at 192.168.1.14:11101
[  node-1] Reconnected to the class server
[client: driver-1 - TasksServer] Reconnected to the JPPF task server
[  node-1] JPPF Node management initialized
[  node-1] initialized NodeTest
[  node-1] Attempting connection to the node server at 192.168.1.14:11101
[  node-1] Reconnected to the node server
[  node-1] Node successfully initialized
client process id: 4360
[client: driver-1 - ClassServer] Attempting connection to the class server at lolo-i2600.home:11101
[client: driver-1 - ClassServer] Reconnected to the class server
[client: driver-1 - TasksServer] Attempting connection to the JPPF task server at 192.168.1.14:11101
[client: driver-1 - TasksServer] Reconnected to the JPPF task server
performing setup with 1 drivers, 1 nodes

---------- end of output for class test.org.jppf.client.TestConnectionPool ----------

client process id: 4360
client process id: 4360
[  node-1] node process id: 40
[driver-1] driver process id: 60
[driver-1] management initialized and listening on port 11201
[driver-1] secure management initialized and listening on port 12201
[driver-1] ClientClassServer initialized
[driver-1] NodeClassServer initialized
[driver-1] ClientJobServer initialized
[driver-1] NodeJobServer initialized
[driver-1] Acceptor initialized
[driver-1] -  accepting plain connections on port 11101
[driver-1] - accepting secure connections on port 12001
[driver-1] JPPF Driver initialization complete
[client: driver-1-1 - ClassServer] Attempting connection to the class server at lolo-i2600.home:11101
[client: driver-1-1 - ClassServer] Reconnected to the class server
[  node-1] Attempting connection to the class server at 192.168.1.14:11101
[client: driver-1-1 - TasksServer] Attempting connection to the JPPF task server at 192.168.1.14:11101
[  node-1] Reconnected to the class server
[client: driver-1-1 - TasksServer] Reconnected to the JPPF task server
[client: driver-1-2 - ClassServer] Attempting connection to the class server at lolo-i2600.home:11101
[client: driver-1-2 - ClassServer] Reconnected to the class server
[client: driver-1-2 - TasksServer] Attempting connection to the JPPF task server at 192.168.1.14:11101
[client: driver-1-2 - TasksServer] Reconnected to the JPPF task server
[  node-1] JPPF Node management initialized
[  node-1] initialized NodeTest
[  node-1] Attempting connection to the node server at 192.168.1.14:11101
[  node-1] Reconnected to the node server
[  node-1] Node successfully initialized
client process id: 4360
[client: driver-1-1 - ClassServer] Attempting connection to the class server at lolo-i2600.home:11101
[client: driver-1-1 - ClassServer] Reconnected to the class server
[client: driver-1-1 - TasksServer] Attempting connection to the JPPF task server at 192.168.1.14:11101
[client: driver-1-1 - TasksServer] Reconnected to the JPPF task server
[client: driver-1-2 - ClassServer] Attempting connection to the class server at lolo-i2600.home:11101
[client: driver-1-2 - ClassServer] Reconnected to the class server
[client: driver-1-2 - TasksServer] Attempting connection to the JPPF task server at 192.168.1.14:11101
[client: driver-1-2 - TasksServer] Reconnected to the JPPF task server
performing setup with 1 drivers, 1 nodes

---------- end of output for class test.org.jppf.client.TestJPPFClient ----------

client process id: 4360
[  node-1] node process id: 4328
[driver-1] driver process id: 4508
[driver-1] management initialized and listening on port 11201
[driver-1] secure management initialized and listening on port 12201
[driver-1] ClientClassServer initialized
[driver-1] NodeClassServer initialized
[driver-1] ClientJobServer initialized
[driver-1] NodeJobServer initialized
[driver-1] Acceptor initialized
[driver-1] -  accepting plain connections on port 11101
[driver-1] - accepting secure connections on port 12001
[driver-1] JPPF Driver initialization complete
[client: driver-1 - ClassServer] Attempting connection to the class server at lolo-i2600.home:11101
[client: driver-1 - ClassServer] Reconnected to the class server
[  node-1] Attempting connection to the class server at 192.168.1.14:11101
[client: driver-1 - TasksServer] Attempting connection to the JPPF task server at 192.168.1.14:11101
[  node-1] Reconnected to the class server
[client: driver-1 - TasksServer] Reconnected to the JPPF task server
client process id: 4360
[  node-1] JPPF Node management initialized
[  node-1] initialized NodeTest
[  node-1] Attempting connection to the node server at 192.168.1.14:11101
[  node-1] Reconnected to the node server
[  node-1] Node successfully initialized
[client: driver-1 - ClassServer] Attempting connection to the class server at lolo-i2600.home:11101
[client: driver-1 - ClassServer] Reconnected to the class server
[client: driver-1 - TasksServer] Attempting connection to the JPPF task server at 192.168.1.14:11101
[client: driver-1 - TasksServer] Reconnected to the JPPF task server
client process id: 4360
[client: driver-1 - ClassServer] Attempting connection to the class server at lolo-i2600.home:11101
[client: driver-1 - ClassServer] Reconnected to the class server
[client: driver-1 - TasksServer] Attempting connection to the JPPF task server at 192.168.1.14:11101
[client: driver-1 - TasksServer] Reconnected to the JPPF task server
client process id: 4360
client process id: 4360
[client: driver-1 - ClassServer] Attempting connection to the class server at lolo-i2600.home:11101
[client: driver-1 - ClassServer] Reconnected to the class server
[client: driver-1 - TasksServer] Attempting connection to the JPPF task server at 192.168.1.14:11101
[client: driver-1 - TasksServer] Reconnected to the JPPF task server
client process id: 4360
[client: driver1-1 - ClassServer] Attempting connection to the class server at localhost:11101
[client: driver1-1 - ClassServer] Reconnected to the class server
[client: driver1-1 - TasksServer] Attempting connection to the JPPF task server at localhost:11101
[client: driver1-1 - TasksServer] Reconnected to the JPPF task server
[client: driver1-2 - ClassServer] Attempting connection to the class server at localhost:11101
[client: driver1-2 - ClassServer] Reconnected to the class server
[client: driver1-2 - TasksServer] Attempting connection to the JPPF task server at localhost:11101
[client: driver1-2 - TasksServer] Reconnected to the JPPF task server
[client: driver1-1 - ClassServer] Attempting connection to the class server at localhost:11101
[client: driver1-2 - ClassServer] Attempting connection to the class server at localhost:11101
[driver1-2 - ClassServer - delegate] SocketInitializer.initializeSocket(): Could not reconnect to the remote server
[driver1-1 - ClassServer - delegate] SocketInitializer.initializeSocket(): Could not reconnect to the remote server
[client: driver1-1 - ClassServer] Attempting connection to the class server at localhost:11101
[driver-1] driver process id: 496
[  node-1] Attempting connection to the class server at localhost:11101
[driver-1] management initialized and listening on port 11201
[driver-1] secure management initialized and listening on port 12201
[driver-1] ClientClassServer initialized
[driver-1] NodeClassServer initialized
[driver-1] ClientJobServer initialized
[driver-1] NodeJobServer initialized
[driver-1] Acceptor initialized
[driver-1] -  accepting plain connections on port 11101
[driver-1] - accepting secure connections on port 12001
[driver-1] JPPF Driver initialization complete
[  node-1] Reconnected to the class server
[client: driver1-1 - ClassServer] Reconnected to the class server
[client: driver1-1 - TasksServer] Attempting connection to the JPPF task server at localhost:11101
[client: driver1-1 - TasksServer] Reconnected to the JPPF task server
[client: driver1-2 - ClassServer] Attempting connection to the class server at localhost:11101
[client: driver1-2 - ClassServer] Reconnected to the class server
[client: driver1-2 - TasksServer] Attempting connection to the JPPF task server at localhost:11101
[client: driver1-2 - TasksServer] Reconnected to the JPPF task server
[  node-1] JPPF Node management initialized
[  node-1] initialized NodeTest
[  node-1] Attempting connection to the node server at localhost:11101
[  node-1] Reconnected to the node server
[  node-1] Node successfully initialized
connections: [driver1-1[localhost:11101] : ACTIVE, driver1-2[localhost:11101] : ACTIVE]
client process id: 4360
[client: driver-1 - ClassServer] Attempting connection to the class server at lolo-i2600.home:11101
[client: driver-1 - ClassServer] Reconnected to the class server
[client: driver-1 - TasksServer] Attempting connection to the JPPF task server at 192.168.1.14:11101
[client: driver-1 - TasksServer] Reconnected to the JPPF task server
client process id: 4360
[client: driver-1 - ClassServer] Attempting connection to the class server at lolo-i2600.home:11101
[client: driver-1 - ClassServer] Reconnected to the class server
[client: driver-1 - TasksServer] Attempting connection to the JPPF task server at 192.168.1.14:11101
[client: driver-1 - TasksServer] Reconnected to the JPPF task server
client process id: 4360
[client: driver-1 - ClassServer] Attempting connection to the class server at lolo-i2600.home:11101
[client: driver-1 - ClassServer] Reconnected to the class server
[client: driver-1 - TasksServer] Attempting connection to the JPPF task server at 192.168.1.14:11101
[client: driver-1 - TasksServer] Reconnected to the JPPF task server
client process id: 4360

---------- end of output for class test.org.jppf.client.TestJPPFJob ----------

client process id: 4360
performing setup with 1 drivers, 1 nodes and 1 client
client process id: 4360
[  node-1] node process id: 4464
[driver-1] driver process id: 4716
[driver-1] management initialized and listening on port 11201
[driver-1] secure management initialized and listening on port 12201
[driver-1] ClientClassServer initialized
[driver-1] NodeClassServer initialized
[driver-1] ClientJobServer initialized
[driver-1] NodeJobServer initialized
[driver-1] Acceptor initialized
[driver-1] -  accepting plain connections on port 11101
[driver-1] - accepting secure connections on port 12001
[driver-1] JPPF Driver initialization complete
[client: driver-1 - ClassServer] Attempting connection to the class server at lolo-i2600.home:11101
[client: driver-1 - ClassServer] Reconnected to the class server
[  node-1] Attempting connection to the class server at 192.168.1.14:11101
[client: driver-1 - TasksServer] Attempting connection to the JPPF task server at 192.168.1.14:11101
[  node-1] Reconnected to the class server
[client: driver-1 - TasksServer] Reconnected to the JPPF task server
[  node-1] JPPF Node management initialized
[  node-1] initialized NodeTest
[  node-1] Attempting connection to the node server at 192.168.1.14:11101
[  node-1] Reconnected to the node server
[  node-1] Node successfully initialized

---------- end of output for class test.org.jppf.io.TestFileDataLocation ----------

runtime driver info: {totalMemory=128647168, availableProcessors=8, freeMemory=123270272, maxMemory=128647168}
performing setup with 1 drivers, 2 nodes and 1 client
client process id: 4360
[  node-2] node process id: 5064
[  node-1] node process id: 3068
[driver-1] driver process id: 1496
[driver-1] management initialized and listening on port 11201
[driver-1] secure management initialized and listening on port 12201
[driver-1] ClientClassServer initialized
[driver-1] NodeClassServer initialized
[driver-1] ClientJobServer initialized
[driver-1] NodeJobServer initialized
[driver-1] Acceptor initialized
[driver-1] -  accepting plain connections on port 11101
[driver-1] - accepting secure connections on port 12001
[driver-1] JPPF Driver initialization complete
[client: driver-1 - ClassServer] Attempting connection to the class server at lolo-i2600.home:11101
[client: driver-1 - ClassServer] Reconnected to the class server
[  node-1] Attempting connection to the class server at 192.168.1.14:11101
[  node-2] Attempting connection to the class server at 192.168.1.14:11101
[client: driver-1 - TasksServer] Attempting connection to the JPPF task server at 192.168.1.14:11101
[  node-1] Reconnected to the class server
[  node-2] Reconnected to the class server
[client: driver-1 - TasksServer] Reconnected to the JPPF task server
[  node-2] JPPF Node management initialized
[  node-1] JPPF Node management initialized
[  node-2] initialized NodeTest
[  node-1] initialized NodeTest
[  node-2] Attempting connection to the node server at 192.168.1.14:11101
[  node-2] Reconnected to the node server
[  node-1] Attempting connection to the node server at 192.168.1.14:11101
[  node-2] Node successfully initialized
[  node-1] Reconnected to the node server
[  node-1] Node successfully initialized

---------- end of output for class test.org.jppf.management.forwarding.TestJPPFNodeForwardingMBean ----------

performing setup with 1 drivers, 2 nodes and 1 client
client process id: 4360
[  node-1] node process id: 2596
[  node-2] node process id: 4684
[driver-1] driver process id: 3272
[driver-1] management initialized and listening on port 11201
[driver-1] secure management initialized and listening on port 12201
[driver-1] ClientClassServer initialized
[driver-1] NodeClassServer initialized
[driver-1] ClientJobServer initialized
[driver-1] NodeJobServer initialized
[driver-1] Acceptor initialized
[driver-1] -  accepting plain connections on port 11101
[driver-1] - accepting secure connections on port 12001
[driver-1] JPPF Driver initialization complete
[client: driver-1 - ClassServer] Attempting connection to the class server at lolo-i2600.home:11101
[client: driver-1 - ClassServer] Reconnected to the class server
[  node-2] Attempting connection to the class server at 192.168.1.14:11101
[  node-1] Attempting connection to the class server at 192.168.1.14:11101
[client: driver-1 - TasksServer] Attempting connection to the JPPF task server at 192.168.1.14:11101
[  node-2] Reconnected to the class server
[  node-1] Reconnected to the class server
[client: driver-1 - TasksServer] Reconnected to the JPPF task server
[  node-1] JPPF Node management initialized
[  node-2] JPPF Node management initialized
[  node-1] initialized NodeTest
[  node-2] initialized NodeTest
[  node-1] Attempting connection to the node server at 192.168.1.14:11101
[  node-2] Attempting connection to the node server at 192.168.1.14:11101
[  node-2] Reconnected to the node server
[  node-1] Reconnected to the node server
[  node-2] Node successfully initialized
[  node-1] Node successfully initialized

---------- end of output for class test.org.jppf.management.forwarding.TestJPPFNodeForwardingMBean2 ----------

[  node-1] sending notification : javax.management.Notification[source=org.jppf:name=test,type=node][type=NodeTest][message=]
[  node-2] sending notification : javax.management.Notification[source=org.jppf:name=test,type=node][type=NodeTest][message=]
[  node-2] sent object: org.jppf.test.addons.mbeans.UserObject@30d12826
[  node-2] task testNotifications:ExecutionPolicySelector - task 2 successful
[  node-1] sent object: org.jppf.test.addons.mbeans.UserObject@7c2d95bf
[  node-1] task testNotifications:ExecutionPolicySelector - task 1 successful
[  node-1] sending notification : javax.management.Notification[source=org.jppf:name=test,type=node][type=NodeTest][message=]
[  node-2] sending notification : javax.management.Notification[source=org.jppf:name=test,type=node][type=NodeTest][message=]
[  node-1] sent object: org.jppf.test.addons.mbeans.UserObject@4c60db08
[  node-2] sent object: org.jppf.test.addons.mbeans.UserObject@7db4aa68
[  node-1] task testNotifications:ExecutionPolicySelector - task 3 successful
[  node-2] task testNotifications:ExecutionPolicySelector - task 4 successful
[  node-2] sending notification : javax.management.Notification[source=org.jppf:name=test,type=node][type=NodeTest][message=]
[  node-1] sending notification : javax.management.Notification[source=org.jppf:name=test,type=node][type=NodeTest][message=]
[  node-2] sent object: org.jppf.test.addons.mbeans.UserObject@11f69937
[  node-1] sent object: org.jppf.test.addons.mbeans.UserObject@79c5c500
[  node-2] task testNotifications:ExecutionPolicySelector - task 6 successful
[  node-1] task testNotifications:ExecutionPolicySelector - task 5 successful
[  node-1] sending notification : javax.management.Notification[source=org.jppf:name=test,type=node][type=NodeTest][message=]
[  node-2] sending notification : javax.management.Notification[source=org.jppf:name=test,type=node][type=NodeTest][message=]
[  node-1] sent object: org.jppf.test.addons.mbeans.UserObject@50ede434
[  node-2] sent object: org.jppf.test.addons.mbeans.UserObject@6c50567b
[  node-2] task testNotifications:ExecutionPolicySelector - task 7 successful
[  node-1] task testNotifications:ExecutionPolicySelector - task 8 successful
[  node-1] sending notification : javax.management.Notification[source=org.jppf:name=test,type=node][type=NodeTest][message=]
[  node-2] sending notification : javax.management.Notification[source=org.jppf:name=test,type=node][type=NodeTest][message=]
[  node-1] sent object: org.jppf.test.addons.mbeans.UserObject@2264f82f
[  node-2] sent object: org.jppf.test.addons.mbeans.UserObject@4a7cdff0
[  node-2] task testNotifications:ExecutionPolicySelector - task 9 successful
[  node-1] task testNotifications:ExecutionPolicySelector - task 10 successful
[  node-2] sending notification : javax.management.Notification[source=org.jppf:name=test,type=node][type=NodeTest][message=]
[  node-1] sending notification : javax.management.Notification[source=org.jppf:name=test,type=node][type=NodeTest][message=]
[  node-1] sent object: org.jppf.test.addons.mbeans.UserObject@5d78ac3a
[  node-1] task testNoNotifcationReceived:AllNodesSelector - task 2 successful
[  node-2] sent object: org.jppf.test.addons.mbeans.UserObject@5000debb
[  node-2] task testNoNotifcationReceived:AllNodesSelector - task 1 successful
[  node-2] sending notification : javax.management.Notification[source=org.jppf:name=test,type=node][type=NodeTest][message=]
[  node-1] sending notification : javax.management.Notification[source=org.jppf:name=test,type=node][type=NodeTest][message=]
[  node-2] sent object: org.jppf.test.addons.mbeans.UserObject@68df6513
[  node-1] sent object: org.jppf.test.addons.mbeans.UserObject@73207f36
[  node-2] task testNoNotifcationReceived:AllNodesSelector - task 4 successful
[  node-1] task testNoNotifcationReceived:AllNodesSelector - task 3 successful
[  node-1] sending notification : javax.management.Notification[source=org.jppf:name=test,type=node][type=NodeTest][message=]
[  node-2] sending notification : javax.management.Notification[source=org.jppf:name=test,type=node][type=NodeTest][message=]
[  node-1] sent object: org.jppf.test.addons.mbeans.UserObject@1f3f668d
[  node-1] task testNoNotifcationReceived:AllNodesSelector - task 5 successful
[  node-2] sent object: org.jppf.test.addons.mbeans.UserObject@384561a6
[  node-2] task testNoNotifcationReceived:AllNodesSelector - task 6 successful
[  node-1] sending notification : javax.management.Notification[source=org.jppf:name=test,type=node][type=NodeTest][message=]
[  node-2] sending notification : javax.management.Notification[source=org.jppf:name=test,type=node][type=NodeTest][message=]
[  node-1] sent object: org.jppf.test.addons.mbeans.UserObject@3ccccd19
[  node-1] task testNoNotifcationReceived:AllNodesSelector - task 7 successful
[  node-2] sent object: org.jppf.test.addons.mbeans.UserObject@7a66cceb
[  node-2] task testNoNotifcationReceived:AllNodesSelector - task 8 successful
[  node-1] sending notification : javax.management.Notification[source=org.jppf:name=test,type=node][type=NodeTest][message=]
[  node-2] sending notification : javax.management.Notification[source=org.jppf:name=test,type=node][type=NodeTest][message=]
[  node-1] sent object: org.jppf.test.addons.mbeans.UserObject@77c63ba6
[  node-2] sent object: org.jppf.test.addons.mbeans.UserObject@729bb01b
[  node-1] task testNoNotifcationReceived:AllNodesSelector - task 9 successful
[  node-2] task testNoNotifcationReceived:AllNodesSelector - task 10 successful
[  node-1] sending notification : javax.management.Notification[source=org.jppf:name=test,type=node][type=NodeTest][message=]
[  node-2] sending notification : javax.management.Notification[source=org.jppf:name=test,type=node][type=NodeTest][message=]
[  node-2] sent object: org.jppf.test.addons.mbeans.UserObject@491238a0
[  node-1] sent object: org.jppf.test.addons.mbeans.UserObject@395e4ad9
[  node-2] task testNoNotifcationReceived:UuidSelector - task 2 successful
[  node-1] task testNoNotifcationReceived:UuidSelector - task 1 successful
[  node-2] sending notification : javax.management.Notification[source=org.jppf:name=test,type=node][type=NodeTest][message=]
[  node-1] sending notification : javax.management.Notification[source=org.jppf:name=test,type=node][type=NodeTest][message=]
[  node-2] sent object: org.jppf.test.addons.mbeans.UserObject@3506bb21
[  node-2] task testNoNotifcationReceived:UuidSelector - task 3 successful
[  node-1] sent object: org.jppf.test.addons.mbeans.UserObject@3da60e09
[  node-1] task testNoNotifcationReceived:UuidSelector - task 4 successful
[  node-1] sending notification : javax.management.Notification[source=org.jppf:name=test,type=node][type=NodeTest][message=]
[  node-1] sent object: org.jppf.test.addons.mbeans.UserObject@57340091
[  node-1] task testNoNotifcationReceived:UuidSelector - task 5 successful
[  node-1] sending notification : javax.management.Notification[source=org.jppf:name=test,type=node][type=NodeTest][message=]
[  node-1] sent object: org.jppf.test.addons.mbeans.UserObject@599f53db
[  node-1] task testNoNotifcationReceived:ExecutionPolicySelector - task 1 successful
[  node-2] sending notification : javax.management.Notification[source=org.jppf:name=test,type=node][type=NodeTest][message=]
[  node-2] sent object: org.jppf.test.addons.mbeans.UserObject@7e613dd8
[  node-2] task testNoNotifcationReceived:ExecutionPolicySelector - task 2 successful
[  node-1] sending notification : javax.management.Notification[source=org.jppf:name=test,type=node][type=NodeTest][message=]
[  node-1] sent object: org.jppf.test.addons.mbeans.UserObject@418c43ad
[  node-1] task testNoNotifcationReceived:ExecutionPolicySelector - task 3 successful
[  node-2] sending notification : javax.management.Notification[source=org.jppf:name=test,type=node][type=NodeTest][message=]
[  node-2] sent object: org.jppf.test.addons.mbeans.UserObject@283a30f3
[  node-2] task testNoNotifcationReceived:ExecutionPolicySelector - task 4 successful
[  node-1] sending notification : javax.management.Notification[source=org.jppf:name=test,type=node][type=NodeTest][message=]
[  node-1] sent object: org.jppf.test.addons.mbeans.UserObject@36d17274
[  node-1] task testNoNotifcationReceived:ExecutionPolicySelector - task 5 successful
[  node-1] sending notification : javax.management.Notification[source=org.jppf:name=test,type=node][type=NodeTest][message=]
[  node-2] sending notification : javax.management.Notification[source=org.jppf:name=test,type=node][type=NodeTest][message=]
[  node-1] sent object: org.jppf.test.addons.mbeans.UserObject@3088a346
[  node-1] task testNotifications:UuidSelector - task 1 successful
[  node-2] sent object: org.jppf.test.addons.mbeans.UserObject@72974691
[  node-2] task testNotifications:UuidSelector - task 2 successful
[  node-1] sending notification : javax.management.Notification[source=org.jppf:name=test,type=node][type=NodeTest][message=]
[  node-1] sent object: org.jppf.test.addons.mbeans.UserObject@774faa86
[  node-1] task testNotifications:UuidSelector - task 4 successful
[  node-2] sending notification : javax.management.Notification[source=org.jppf:name=test,type=node][type=NodeTest][message=]
[  node-2] sent object: org.jppf.test.addons.mbeans.UserObject@5a176fbb
[  node-2] task testNotifications:UuidSelector - task 3 successful
[  node-1] sending notification : javax.management.Notification[source=org.jppf:name=test,type=node][type=NodeTest][message=]
[  node-2] sending notification : javax.management.Notification[source=org.jppf:name=test,type=node][type=NodeTest][message=]
[  node-1] sent object: org.jppf.test.addons.mbeans.UserObject@42b3eff7
[  node-2] sent object: org.jppf.test.addons.mbeans.UserObject@348f4ec
[  node-1] task testNotifications:UuidSelector - task 5 successful
[  node-2] task testNotifications:UuidSelector - task 6 successful
[  node-1] sending notification : javax.management.Notification[source=org.jppf:name=test,type=node][type=NodeTest][message=]
[  node-1] sent object: org.jppf.test.addons.mbeans.UserObject@4f106738
[  node-2] sending notification : javax.management.Notification[source=org.jppf:name=test,type=node][type=NodeTest][message=]
[  node-1] task testNotifications:UuidSelector - task 7 successful
[  node-2] sent object: org.jppf.test.addons.mbeans.UserObject@40d2a14b
[  node-2] task testNotifications:UuidSelector - task 8 successful
[  node-1] sending notification : javax.management.Notification[source=org.jppf:name=test,type=node][type=NodeTest][message=]
[  node-2] sending notification : javax.management.Notification[source=org.jppf:name=test,type=node][type=NodeTest][message=]
[  node-1] sent object: org.jppf.test.addons.mbeans.UserObject@581118e6
[  node-2] sent object: org.jppf.test.addons.mbeans.UserObject@18fd54ec
[  node-1] task testNotifications:UuidSelector - task 9 successful
[  node-2] task testNotifications:UuidSelector - task 10 successful
[  node-1] sending notification : javax.management.Notification[source=org.jppf:name=test,type=node][type=NodeTest][message=]
[  node-2] sending notification : javax.management.Notification[source=org.jppf:name=test,type=node][type=NodeTest][message=]
[  node-1] sent object: org.jppf.test.addons.mbeans.UserObject@f1c2137
[  node-2] sent object: org.jppf.test.addons.mbeans.UserObject@5956263c
[  node-2] task testNotifications:AllNodesSelector - task 2 successful
[  node-1] task testNotifications:AllNodesSelector - task 1 successful
[  node-1] sending notification : javax.management.Notification[source=org.jppf:name=test,type=node][type=NodeTest][message=]
[  node-1] sent object: org.jppf.test.addons.mbeans.UserObject@6b355469
[  node-2] sending notification : javax.management.Notification[source=org.jppf:name=test,type=node][type=NodeTest][message=]
[  node-1] task testNotifications:AllNodesSelector - task 3 successful
[  node-2] sent object: org.jppf.test.addons.mbeans.UserObject@48a97747
[  node-2] task testNotifications:AllNodesSelector - task 4 successful
[  node-2] sending notification : javax.management.Notification[source=org.jppf:name=test,type=node][type=NodeTest][message=]
[  node-2] sent object: org.jppf.test.addons.mbeans.UserObject@21415036
[  node-1] sending notification : javax.management.Notification[source=org.jppf:name=test,type=node][type=NodeTest][message=]
[  node-2] task testNotifications:AllNodesSelector - task 6 successful
[  node-1] sent object: org.jppf.test.addons.mbeans.UserObject@307c329d
[  node-1] task testNotifications:AllNodesSelector - task 5 successful
[  node-2] sending notification : javax.management.Notification[source=org.jppf:name=test,type=node][type=NodeTest][message=]
[  node-1] sending notification : javax.management.Notification[source=org.jppf:name=test,type=node][type=NodeTest][message=]
[  node-2] sent object: org.jppf.test.addons.mbeans.UserObject@5e54a99b
[  node-1] sent object: org.jppf.test.addons.mbeans.UserObject@fb0c124
[  node-2] task testNotifications:AllNodesSelector - task 8 successful
[  node-1] task testNotifications:AllNodesSelector - task 7 successful
[  node-1] sending notification : javax.management.Notification[source=org.jppf:name=test,type=node][type=NodeTest][message=]
[  node-2] sending notification : javax.management.Notification[source=org.jppf:name=test,type=node][type=NodeTest][message=]
[  node-1] sent object: org.jppf.test.addons.mbeans.UserObject@4e59448b
[  node-2] sent object: org.jppf.test.addons.mbeans.UserObject@4ccdd309
[  node-1] task testNotifications:AllNodesSelector - task 9 successful
[  node-2] task testNotifications:AllNodesSelector - task 10 successful

---------- end of output for class test.org.jppf.management.TestJMXConnectionWrapper ----------

performing setup with 1 drivers, 2 nodes and 1 client
client process id: 4360
[  node-2] node process id: 4764
[  node-1] node process id: 3444
[driver-1] driver process id: 1576
[driver-1] management initialized and listening on port 11201
[driver-1] secure management initialized and listening on port 12201
[driver-1] ClientClassServer initialized
[driver-1] NodeClassServer initialized
[driver-1] ClientJobServer initialized
[driver-1] NodeJobServer initialized
[driver-1] Acceptor initialized
[driver-1] -  accepting plain connections on port 11101
[driver-1] - accepting secure connections on port 12001
[driver-1] JPPF Driver initialization complete
[client: driver-1 - ClassServer] Attempting connection to the class server at lolo-i2600.home:11101
[client: driver-1 - ClassServer] Reconnected to the class server
[  node-1] Attempting connection to the class server at 192.168.1.14:11101
[  node-2] Attempting connection to the class server at 192.168.1.14:11101
[client: driver-1 - TasksServer] Attempting connection to the JPPF task server at 192.168.1.14:11101
[  node-1] Reconnected to the class server
[  node-2] Reconnected to the class server
[client: driver-1 - TasksServer] Reconnected to the JPPF task server
[  node-2] JPPF Node management initialized
[  node-1] JPPF Node management initialized
[  node-2] initialized NodeTest
[  node-1] initialized NodeTest
[  node-2] Attempting connection to the node server at 192.168.1.14:11101
[  node-2] Reconnected to the node server
[  node-2] Node successfully initialized
[  node-1] Attempting connection to the node server at 192.168.1.14:11101
[  node-1] Reconnected to the node server
[  node-1] Node successfully initialized

---------- end of output for class test.org.jppf.management.TestJPPFDriverAdminMBean ----------

performing setup with 1 drivers, 1 nodes and 1 client
client process id: 4360
[  node-1] node process id: 3660
[driver-1] driver process id: 3180
[driver-1] management initialized and listening on port 11201
[driver-1] secure management initialized and listening on port 12201
[driver-1] ClientClassServer initialized
[driver-1] NodeClassServer initialized
[driver-1] ClientJobServer initialized
[driver-1] NodeJobServer initialized
[driver-1] Acceptor initialized
[driver-1] -  accepting plain connections on port 11101
[driver-1] - accepting secure connections on port 12001
[driver-1] JPPF Driver initialization complete
[client: driver-1 - ClassServer] Attempting connection to the class server at lolo-i2600.home:11101
[client: driver-1 - ClassServer] Reconnected to the class server
[  node-1] Attempting connection to the class server at 192.168.1.14:11101
[client: driver-1 - TasksServer] Attempting connection to the JPPF task server at 192.168.1.14:11101
[  node-1] Reconnected to the class server
[client: driver-1 - TasksServer] Reconnected to the JPPF task server
[  node-1] JPPF Node management initialized
[  node-1] initialized NodeTest
[  node-1] Attempting connection to the node server at 192.168.1.14:11101
[  node-1] Reconnected to the node server
[  node-1] Node successfully initialized

---------- end of output for class test.org.jppf.management.TestJPPFNodeAdminMBean ----------

performing setup with 1 drivers, 1 nodes and 1 client
client process id: 4360
[  node-1] node process id: 4832
[driver-1] driver process id: 2416
[driver-1] management initialized and listening on port 11201
[driver-1] secure management initialized and listening on port 12201
[driver-1] ClientClassServer initialized
[driver-1] NodeClassServer initialized
[driver-1] ClientJobServer initialized
[driver-1] NodeJobServer initialized
[driver-1] Acceptor initialized
[driver-1] -  accepting plain connections on port 11101
[driver-1] - accepting secure connections on port 12001
[driver-1] JPPF Driver initialization complete
[client: driver-1 - ClassServer] Attempting connection to the class server at lolo-i2600.home:11101
[client: driver-1 - ClassServer] Reconnected to the class server
[  node-1] Attempting connection to the class server at 192.168.1.14:11101
[client: driver-1 - TasksServer] Attempting connection to the JPPF task server at 192.168.1.14:11101
[  node-1] Reconnected to the class server
[client: driver-1 - TasksServer] Reconnected to the JPPF task server
[  node-1] JPPF Node management initialized
[  node-1] initialized NodeTest
[  node-1] Attempting connection to the node server at 192.168.1.14:11101
[  node-1] Reconnected to the node server
[  node-1] Node successfully initialized

---------- end of output for class test.org.jppf.management.TestJPPFNodeTaskMonitorMBean ----------

performing setup with 1 drivers, 1 nodes and 1 client
client process id: 4360
[  node-1] node process id: 4616
[driver-1] driver process id: 3520
[driver-1] management initialized and listening on port 11201
[driver-1] secure management initialized and listening on port 12201
[driver-1] ClientClassServer initialized
[driver-1] NodeClassServer initialized
[driver-1] ClientJobServer initialized
[driver-1] NodeJobServer initialized
[driver-1] Acceptor initialized
[driver-1] -  accepting plain connections on port 11101
[driver-1] - accepting secure connections on port 12001
[driver-1] JPPF Driver initialization complete
[client: driver-1 - ClassServer] Attempting connection to the class server at lolo-i2600.home:11101
[client: driver-1 - ClassServer] Reconnected to the class server
[  node-1] Attempting connection to the class server at 192.168.1.14:11101
[client: driver-1 - TasksServer] Attempting connection to the JPPF task server at 192.168.1.14:11101
[  node-1] Reconnected to the class server
[client: driver-1 - TasksServer] Reconnected to the JPPF task server
[  node-1] JPPF Node management initialized
[  node-1] initialized NodeTest
[  node-1] Attempting connection to the node server at 192.168.1.14:11101
[  node-1] Reconnected to the node server
[  node-1] Node successfully initialized

---------- end of output for class test.org.jppf.server.job.management.TestDriverJobManagementMBean ----------

performing setup with 1 drivers, 1 nodes

---------- end of output for class test.org.jppf.server.protocol.TestJPPFJobClientSLA ----------

client process id: 4360
[  node-1] node process id: 1072
[driver-1] driver process id: 4596
[driver-1] management initialized and listening on port 11201
client process id: 4360
[driver-1] secure management initialized and listening on port 12201
[driver-1] ClientClassServer initialized
[driver-1] NodeClassServer initialized
[driver-1] ClientJobServer initialized
[driver-1] NodeJobServer initialized
[driver-1] Acceptor initialized
[driver-1] -  accepting plain connections on port 11101
[driver-1] - accepting secure connections on port 12001
[driver-1] JPPF Driver initialization complete
[  node-1] Attempting connection to the class server at 192.168.1.14:11101
[  node-1] Reconnected to the class server
client process id: 4360
[  node-1] JPPF Node management initialized
[  node-1] initialized NodeTest
[  node-1] Attempting connection to the node server at 192.168.1.14:11101
[  node-1] Reconnected to the node server
[  node-1] Node successfully initialized
[client: driver-1 - ClassServer] Attempting connection to the class server at lolo-i2600.home:11101
[client: driver-1 - ClassServer] Reconnected to the class server
[client: driver-1 - TasksServer] Attempting connection to the JPPF task server at 192.168.1.14:11101
[client: driver-1 - TasksServer] Reconnected to the JPPF task server
client process id: 4360
client process id: 4360
[client: driver-1 - ClassServer] Attempting connection to the class server at lolo-i2600.home:11101
[client: driver-1 - ClassServer] Reconnected to the class server
[client: driver-1 - TasksServer] Attempting connection to the JPPF task server at 192.168.1.14:11101
[client: driver-1 - TasksServer] Reconnected to the JPPF task server
client process id: 4360
client process id: 4360
client process id: 4360
[client: driver-1 - ClassServer] Attempting connection to the class server at lolo-i2600.home:11101
[client: driver-1 - ClassServer] Reconnected to the class server
[client: driver-1 - TasksServer] Attempting connection to the JPPF task server at 192.168.1.14:11101
[client: driver-1 - TasksServer] Reconnected to the JPPF task server
performing setup with 1 drivers, 2 nodes and 1 client
client process id: 4360
[  node-1] node process id: 772
[  node-2] node process id: 2528
[driver-1] driver process id: 4692
[driver-1] management initialized and listening on port 11201
[driver-1] secure management initialized and listening on port 12201
[driver-1] ClientClassServer initialized
[driver-1] NodeClassServer initialized
[driver-1] ClientJobServer initialized
[driver-1] NodeJobServer initialized
[driver-1] Acceptor initialized
[driver-1] -  accepting plain connections on port 11101
[driver-1] - accepting secure connections on port 12001
[driver-1] JPPF Driver initialization complete
[client: driver-1 - ClassServer] Attempting connection to the class server at lolo-i2600.home:11101
[client: driver-1 - ClassServer] Reconnected to the class server
[  node-1] Attempting connection to the class server at 192.168.1.14:11101
[  node-2] Attempting connection to the class server at 192.168.1.14:11101
[client: driver-1 - TasksServer] Attempting connection to the JPPF task server at 192.168.1.14:11101
[  node-1] Reconnected to the class server
[  node-2] Reconnected to the class server
[client: driver-1 - TasksServer] Reconnected to the JPPF task server
[  node-1] JPPF Node management initialized
[  node-2] JPPF Node management initialized
[  node-1] initialized NodeTest
[  node-2] initialized NodeTest
[  node-1] Attempting connection to the node server at 192.168.1.14:11101
[  node-2] Attempting connection to the node server at 192.168.1.14:11101
[  node-2] Reconnected to the node server
[  node-1] Reconnected to the node server
[  node-1] Node successfully initialized
[  node-2] Node successfully initialized

---------- end of output for class test.org.jppf.server.protocol.TestJPPFJobSLA ----------

client process id: 4360
[  node-1] Attempting connection to the class server at 192.168.1.14:11101
[  node-1] Reconnected to the class server
[  node-1] JPPF Node management initialized
[  node-1] initialized NodeTest
[  node-1] Attempting connection to the node server at 192.168.1.14:11101
[  node-1] Reconnected to the node server
[  node-1] Node successfully initialized
[client: driver-1 - ClassServer] Attempting connection to the class server at lolo-i2600.home:11101
[client: driver-1 - ClassServer] Reconnected to the class server
[client: driver-1 - TasksServer] Attempting connection to the JPPF task server at 192.168.1.14:11101
[client: driver-1 - TasksServer] Reconnected to the JPPF task server
client process id: 4360
[client: driver-1-1 - ClassServer] Attempting connection to the class server at lolo-i2600.home:11101
[client: driver-1-1 - ClassServer] Reconnected to the class server
[client: driver-1-1 - TasksServer] Attempting connection to the JPPF task server at 192.168.1.14:11101
[client: driver-1-1 - TasksServer] Reconnected to the JPPF task server
[client: driver-1-2 - ClassServer] Attempting connection to the class server at lolo-i2600.home:11101
[client: driver-1-2 - ClassServer] Reconnected to the class server
[client: driver-1-2 - TasksServer] Attempting connection to the JPPF task server at 192.168.1.14:11101
[client: driver-1-2 - TasksServer] Reconnected to the JPPF task server
client process id: 4360
[client: driver-1 - ClassServer] Attempting connection to the class server at lolo-i2600.home:11101
[client: driver-1 - ClassServer] Reconnected to the class server
[client: driver-1 - TasksServer] Attempting connection to the JPPF task server at 192.168.1.14:11101
[client: driver-1 - TasksServer] Reconnected to the JPPF task server
performing setup with 1 drivers, 1 nodes and 1 client
[client: driver-1 - ClassServer] Attempting connection to the class server at lolo-i2600.home:11101
client process id: 4360
[  node-1] node process id: 4764
[driver-1] driver process id: 1468
[driver-1] management initialized and listening on port 11201
[driver-1] secure management initialized and listening on port 12201
[driver-1] ClientClassServer initialized
[driver-1] NodeClassServer initialized
[driver-1] ClientJobServer initialized
[driver-1] NodeJobServer initialized
[driver-1] Acceptor initialized
[driver-1] -  accepting plain connections on port 11101
[driver-1] - accepting secure connections on port 12001
[driver-1] JPPF Driver initialization complete
[client: driver-1 - ClassServer] Reconnected to the class server
[client: driver-1 - ClassServer] Attempting connection to the class server at lolo-i2600.home:11101
[client: driver-1 - ClassServer] Reconnected to the class server
[  node-1] Attempting connection to the class server at 192.168.1.14:11101
[client: driver-1 - TasksServer] Attempting connection to the JPPF task server at 192.168.1.14:11101
[  node-1] Reconnected to the class server
[client: driver-1 - TasksServer] Reconnected to the JPPF task server
[  node-1] JPPF Node management initialized
[  node-1] initialized NodeTest
[  node-1] Attempting connection to the node server at 192.168.1.14:11101
[  node-1] Reconnected to the node server
[  node-1] Node successfully initialized

---------- end of output for class test.org.jppf.server.protocol.TestJPPFTask ----------

[  node-1] this task's class loader = JPPFClassLoader[id=2, type=client, uuidPath=[4EAF52F6-433F-12A1-996E-E209C487239E, d1], classpath=]
client process id: 4360
this task's class loader = sun.misc.Launcher$AppClassLoader@5b2f9ee1
isInNode() = false
client process id: 4360
[client: driver-1 - ClassServer] Attempting connection to the class server at lolo-i2600.home:11101
[client: driver-1 - ClassServer] Reconnected to the class server
[client: driver-1 - TasksServer] Attempting connection to the JPPF task server at 192.168.1.14:11101
[client: driver-1 - TasksServer] Reconnected to the JPPF task server
client process id: 4360
this task's class loader = sun.misc.Launcher$AppClassLoader@5b2f9ee1
result of MyCallable.call() = test successful
result of MyCallable.call() = test successful
client process id: 4360
[client: driver-1 - ClassServer] Attempting connection to the class server at lolo-i2600.home:11101
[client: driver-1 - ClassServer] Reconnected to the class server
[client: driver-1 - TasksServer] Attempting connection to the JPPF task server at 192.168.1.14:11101
[client: driver-1 - TasksServer] Reconnected to the JPPF task server
[  node-1] this task's class loader = JPPFClassLoader[id=4, type=client, uuidPath=[F26A3F1E-CAC5-AF10-8A7E-A1F6CA987BA3, d1], classpath=]
[  node-1] isInNode() = true
[  node-1] this task's class loader = JPPFClassLoader[id=4, type=client, uuidPath=[F26A3F1E-CAC5-AF10-8A7E-A1F6CA987BA3, d1], classpath=]
result of MyCallable.call() = test successful
[  node-1] result of MyCallable.call() = test successful

---------- end of output for class test.org.jppf.utils.TestJPPFConfiguration ----------

[client: driver-1 - ClassServer] Attempting connection to the class server at lolo-i2600.home:11101
[client: driver-1 - ClassServer] Attempting connection to the class server at lolo-i2600.home:11101

---------- end of output for class test.org.jppf.utils.TestRange ----------

